// Jest Snapshot v1, https://goo.gl/fbAQLP

exports[`Destinations renders correctly 1`] = `
<div
  className="container"
>
  <div
    className="align-middle"
  >
    <h4
      className="d-flex justify-content-center"
    >
      Latest Destinations
    </h4>
    <h5
      className="d-flex justify-content-center"
    >
       Please select Favourite Destination 
    </h5>
  </div>
</div>
`;
