// Jest Snapshot v1, https://goo.gl/fbAQLP

exports[`Destinations renders correctly 1`] = `
<div
  className="container-fluid align-items-center d-flex"
>
  <div
    className="align-middle w-100"
  >
    <h4
      className="d-flex justify-content-center mb-5 text-info fw-bold"
    >
      Latest Destinations
    </h4>
    <h5
      className="d-flex justify-content-center mb-5 text-info fw-bold"
    >
       
      Please select Favourite Destination
       
    </h5>
    <div
      className="carousel"
    />
  </div>
</div>
`;
